// Vitest Snapshot v1, https://vitest.dev/guide/snapshot.html

exports[`deriveReport golden > produces the same full output (locks the twelve cards) 1`] = `
{
  "everWarmByWeek": [
    {
      "counts": {},
      "incomplete": false,
      "leadIds": {},
      "partialStart": true,
      "weekLabel": "29 Jun",
      "weekStart": "2026-06-29",
    },
    {
      "counts": {
        "Ever Warm": 1,
        "Not Warm": 2,
      },
      "incomplete": false,
      "leadIds": {
        "Ever Warm": [
          "L3",
        ],
        "Not Warm": [
          "L1",
          "OLD1",
        ],
      },
      "partialStart": false,
      "weekLabel": "6 Jul",
      "weekStart": "2026-07-06",
    },
    {
      "counts": {},
      "incomplete": false,
      "leadIds": {},
      "partialStart": false,
      "weekLabel": "13 Jul",
      "weekStart": "2026-07-13",
    },
    {
      "counts": {},
      "incomplete": false,
      "leadIds": {},
      "partialStart": false,
      "weekLabel": "20 Jul",
      "weekStart": "2026-07-20",
    },
    {
      "counts": {},
      "incomplete": false,
      "leadIds": {},
      "partialStart": false,
      "weekLabel": "27 Jul",
      "weekStart": "2026-07-27",
    },
    {
      "counts": {},
      "incomplete": false,
      "leadIds": {},
      "partialStart": false,
      "weekLabel": "3 Aug",
      "weekStart": "2026-08-03",
    },
    {
      "counts": {},
      "incomplete": true,
      "leadIds": {},
      "partialStart": false,
      "weekLabel": "10 Aug",
      "weekStart": "2026-08-10",
    },
  ],
  "expectedPctOfTarget": 49.5,
  "frtByWeek": [
    {
      "avgMinutes": null,
      "count": 0,
      "medianMinutes": null,
      "p80Minutes": null,
      "weekLabel": "29 Jun",
      "weekStart": "2026-06-29",
    },
    {
      "avgMinutes": null,
      "count": 0,
      "medianMinutes": null,
      "p80Minutes": null,
      "weekLabel": "6 Jul",
      "weekStart": "2026-07-06",
    },
    {
      "avgMinutes": null,
      "count": 0,
      "medianMinutes": null,
      "p80Minutes": null,
      "weekLabel": "13 Jul",
      "weekStart": "2026-07-13",
    },
    {
      "avgMinutes": null,
      "count": 0,
      "medianMinutes": null,
      "p80Minutes": null,
      "weekLabel": "20 Jul",
      "weekStart": "2026-07-20",
    },
    {
      "avgMinutes": null,
      "count": 0,
      "medianMinutes": null,
      "p80Minutes": null,
      "weekLabel": "27 Jul",
      "weekStart": "2026-07-27",
    },
    {
      "avgMinutes": null,
      "count": 0,
      "medianMinutes": null,
      "p80Minutes": null,
      "weekLabel": "3 Aug",
      "weekStart": "2026-08-03",
    },
    {
      "avgMinutes": null,
      "count": 0,
      "medianMinutes": null,
      "p80Minutes": null,
      "weekLabel": "10 Aug",
      "weekStart": "2026-08-10",
    },
  ],
  "leadsById": {
    "L1": {
      "createdAt": "2026-07-01T09:00:00+05:30",
      "id": "L1",
      "name": "Lead L1",
      "source": "Paid Ads",
      "status": "Qualified",
    },
    "L2": {
      "createdAt": "2026-07-02T09:00:00+05:30",
      "id": "L2",
      "name": "Lead L2",
      "source": "Paid Ads",
      "status": "Not Qualified",
    },
    "L3": {
      "createdAt": "2026-07-07T09:00:00+05:30",
      "id": "L3",
      "name": "Lead L3",
      "source": "Organic",
      "status": "Qualified",
    },
    "L4": {
      "createdAt": "2026-07-08T09:00:00+05:30",
      "id": "L4",
      "name": "Lead L4",
      "source": "3P",
      "status": "Network Issue",
    },
    "L5": {
      "createdAt": "2026-07-21T09:00:00+05:30",
      "id": "L5",
      "name": "Lead L5",
      "source": "Paid Ads",
      "status": "Qualified",
    },
    "OLD1": {
      "createdAt": "2026-03-01T09:00:00+05:30",
      "id": "OLD1",
      "name": "Lead OLD1",
      "source": "Paid Ads",
      "status": "Qualified",
    },
    "P1": {
      "createdAt": "2026-08-01T09:00:00+05:30",
      "id": "P1",
      "name": "Lead P1",
      "source": "Paid Ads",
      "status": "Site visit Scheduled",
    },
    "P2": {
      "createdAt": "2026-08-02T09:00:00+05:30",
      "id": "P2",
      "name": "Lead P2",
      "source": "Paid Ads",
      "status": "Visit to be scheduled",
    },
  },
  "leadsBySource": [
    {
      "counts": {
        "Meta": 2,
      },
      "incomplete": false,
      "leadIds": {
        "Meta": [
          "L1",
          "L2",
        ],
      },
      "partialStart": true,
      "weekLabel": "29 Jun",
      "weekStart": "2026-06-29",
    },
    {
      "counts": {
        "99Acres": 1,
        "Website": 1,
      },
      "incomplete": false,
      "leadIds": {
        "99Acres": [
          "L4",
        ],
        "Website": [
          "L3",
        ],
      },
      "partialStart": false,
      "weekLabel": "6 Jul",
      "weekStart": "2026-07-06",
    },
    {
      "counts": {},
      "incomplete": false,
      "leadIds": {},
      "partialStart": false,
      "weekLabel": "13 Jul",
      "weekStart": "2026-07-13",
    },
    {
      "counts": {
        "Meta": 1,
      },
      "incomplete": false,
      "leadIds": {
        "Meta": [
          "L5",
        ],
      },
      "partialStart": false,
      "weekLabel": "20 Jul",
      "weekStart": "2026-07-20",
    },
    {
      "counts": {
        "Meta": 2,
      },
      "incomplete": false,
      "leadIds": {
        "Meta": [
          "P1",
          "P2",
        ],
      },
      "partialStart": false,
      "weekLabel": "27 Jul",
      "weekStart": "2026-07-27",
    },
    {
      "counts": {},
      "incomplete": false,
      "leadIds": {},
      "partialStart": false,
      "weekLabel": "3 Aug",
      "weekStart": "2026-08-03",
    },
    {
      "counts": {},
      "incomplete": true,
      "leadIds": {},
      "partialStart": false,
      "weekLabel": "10 Aug",
      "weekStart": "2026-08-10",
    },
  ],
  "leadsByStatus": [
    {
      "counts": {
        "Not Qualified": 1,
        "Qualified": 1,
      },
      "incomplete": false,
      "leadIds": {
        "Not Qualified": [
          "L2",
        ],
        "Qualified": [
          "L1",
        ],
      },
      "partialStart": true,
      "weekLabel": "29 Jun",
      "weekStart": "2026-06-29",
    },
    {
      "counts": {
        "Attempted to Contact": 1,
        "Qualified": 1,
      },
      "incomplete": false,
      "leadIds": {
        "Attempted to Contact": [
          "L4",
        ],
        "Qualified": [
          "L3",
        ],
      },
      "partialStart": false,
      "weekLabel": "6 Jul",
      "weekStart": "2026-07-06",
    },
    {
      "counts": {},
      "incomplete": false,
      "leadIds": {},
      "partialStart": false,
      "weekLabel": "13 Jul",
      "weekStart": "2026-07-13",
    },
    {
      "counts": {
        "Qualified": 1,
      },
      "incomplete": false,
      "leadIds": {
        "Qualified": [
          "L5",
        ],
      },
      "partialStart": false,
      "weekLabel": "20 Jul",
      "weekStart": "2026-07-20",
    },
    {
      "counts": {
        "Site visit Scheduled": 1,
        "Visit to be scheduled": 1,
      },
      "incomplete": false,
      "leadIds": {
        "Site visit Scheduled": [
          "P1",
        ],
        "Visit to be scheduled": [
          "P2",
        ],
      },
      "partialStart": false,
      "weekLabel": "27 Jul",
      "weekStart": "2026-07-27",
    },
    {
      "counts": {},
      "incomplete": false,
      "leadIds": {},
      "partialStart": false,
      "weekLabel": "3 Aug",
      "weekStart": "2026-08-03",
    },
    {
      "counts": {},
      "incomplete": true,
      "leadIds": {},
      "partialStart": false,
      "weekLabel": "10 Aug",
      "weekStart": "2026-08-10",
    },
  ],
  "notQualifiedReasons": [
    {
      "count": 1,
      "leadIds": [
        "L2",
      ],
      "reason": "Low budget",
    },
  ],
  "overallFunnel": {
    "arrows": [
      {
        "achieved": 0.57,
        "label": "Duplicate Ratio",
        "target": null,
        "unit": "x",
      },
      {
        "achieved": 71.4,
        "label": "LTQL %",
        "target": 32.2,
        "unit": "%",
      },
      {
        "achieved": 40,
        "label": "QLTV %",
        "target": 22.6,
        "unit": "%",
      },
      {
        "achieved": 1.33,
        "label": "Duplicate Ratio",
        "target": 1.2,
        "unit": "x",
      },
      {
        "achieved": 33.3,
        "label": "Ever Warm %",
        "target": 20,
        "unit": "%",
      },
    ],
    "blocks": [
      {
        "actual": 4,
        "label": "Total Leads",
        "target": null,
      },
      {
        "actual": 7,
        "label": "Unique Leads",
        "target": 7754,
      },
      {
        "actual": 5,
        "label": "Qualified Leads",
        "target": 2494,
      },
      {
        "actual": 3,
        "label": "Unique Visits",
        "target": 722.8,
      },
      {
        "actual": 4,
        "label": "Total Visits",
        "target": 867.36,
      },
      {
        "actual": 4,
        "label": "Total Conversions",
        "target": null,
      },
      {
        "actual": 2,
        "label": "Unique Conversions",
        "target": 30,
      },
    ],
  },
  "qualifiedByCluster": [
    {
      "counts": {
        "PAV": 1,
      },
      "incomplete": false,
      "leadIds": {
        "PAV": [
          "L1",
        ],
      },
      "partialStart": true,
      "weekLabel": "29 Jun",
      "weekStart": "2026-06-29",
    },
    {
      "counts": {
        "GLAM": 1,
      },
      "incomplete": false,
      "leadIds": {
        "GLAM": [
          "L3",
        ],
      },
      "partialStart": false,
      "weekLabel": "6 Jul",
      "weekStart": "2026-07-06",
    },
    {
      "counts": {},
      "incomplete": false,
      "leadIds": {},
      "partialStart": false,
      "weekLabel": "13 Jul",
      "weekStart": "2026-07-13",
    },
    {
      "counts": {
        "PAV": 1,
      },
      "incomplete": false,
      "leadIds": {
        "PAV": [
          "L5",
        ],
      },
      "partialStart": false,
      "weekLabel": "20 Jul",
      "weekStart": "2026-07-20",
    },
    {
      "counts": {
        "GLAM": 1,
        "PAV": 1,
      },
      "incomplete": false,
      "leadIds": {
        "GLAM": [
          "P2",
        ],
        "PAV": [
          "P1",
        ],
      },
      "partialStart": false,
      "weekLabel": "27 Jul",
      "weekStart": "2026-07-27",
    },
    {
      "counts": {},
      "incomplete": false,
      "leadIds": {},
      "partialStart": false,
      "weekLabel": "3 Aug",
      "weekStart": "2026-08-03",
    },
    {
      "counts": {},
      "incomplete": true,
      "leadIds": {},
      "partialStart": false,
      "weekLabel": "10 Aug",
      "weekStart": "2026-08-10",
    },
  ],
  "qualifiedBySource": [
    {
      "counts": {
        "Meta": 1,
      },
      "incomplete": false,
      "leadIds": {
        "Meta": [
          "L1",
        ],
      },
      "partialStart": true,
      "weekLabel": "29 Jun",
      "weekStart": "2026-06-29",
    },
    {
      "counts": {
        "Website": 1,
      },
      "incomplete": false,
      "leadIds": {
        "Website": [
          "L3",
        ],
      },
      "partialStart": false,
      "weekLabel": "6 Jul",
      "weekStart": "2026-07-06",
    },
    {
      "counts": {},
      "incomplete": false,
      "leadIds": {},
      "partialStart": false,
      "weekLabel": "13 Jul",
      "weekStart": "2026-07-13",
    },
    {
      "counts": {
        "Meta": 1,
      },
      "incomplete": false,
      "leadIds": {
        "Meta": [
          "L5",
        ],
      },
      "partialStart": false,
      "weekLabel": "20 Jul",
      "weekStart": "2026-07-20",
    },
    {
      "counts": {
        "Meta": 2,
      },
      "incomplete": false,
      "leadIds": {
        "Meta": [
          "P1",
          "P2",
        ],
      },
      "partialStart": false,
      "weekLabel": "27 Jul",
      "weekStart": "2026-07-27",
    },
    {
      "counts": {},
      "incomplete": false,
      "leadIds": {},
      "partialStart": false,
      "weekLabel": "3 Aug",
      "weekStart": "2026-08-03",
    },
    {
      "counts": {},
      "incomplete": true,
      "leadIds": {},
      "partialStart": false,
      "weekLabel": "10 Aug",
      "weekStart": "2026-08-10",
    },
  ],
  "quarterLabel": "JAS 2026",
  "totalVisitsByMicromarket": [
    {
      "counts": {},
      "incomplete": false,
      "leadIds": {},
      "partialStart": true,
      "weekLabel": "29 Jun",
      "weekStart": "2026-06-29",
    },
    {
      "counts": {
        "Glasgow": 2,
        "Powai": 1,
      },
      "incomplete": false,
      "leadIds": {
        "Glasgow": [
          "OLD1",
          "L3",
        ],
        "Powai": [
          "L1",
        ],
      },
      "partialStart": false,
      "weekLabel": "6 Jul",
      "weekStart": "2026-07-06",
    },
    {
      "counts": {},
      "incomplete": false,
      "leadIds": {},
      "partialStart": false,
      "weekLabel": "13 Jul",
      "weekStart": "2026-07-13",
    },
    {
      "counts": {},
      "incomplete": false,
      "leadIds": {},
      "partialStart": false,
      "weekLabel": "20 Jul",
      "weekStart": "2026-07-20",
    },
    {
      "counts": {},
      "incomplete": false,
      "leadIds": {},
      "partialStart": false,
      "weekLabel": "27 Jul",
      "weekStart": "2026-07-27",
    },
    {
      "counts": {},
      "incomplete": false,
      "leadIds": {},
      "partialStart": false,
      "weekLabel": "3 Aug",
      "weekStart": "2026-08-03",
    },
    {
      "counts": {},
      "incomplete": true,
      "leadIds": {},
      "partialStart": false,
      "weekLabel": "10 Aug",
      "weekStart": "2026-08-10",
    },
  ],
  "twoWeekTable": [
    {
      "metric": "Spend",
      "nextW2Target": 1289558.261,
      "qAchieved": 0,
      "qLag": 4191064.348,
      "qPctCompleted": 0,
      "qTarget": 4191064.348,
      "qTargetFull": 8474240,
      "unit": "currency",
      "w2Achieved": 0,
      "w2Lag": 1289558.261,
      "w2Target": 1289558.261,
    },
    {
      "metric": "Total Leads (LSH)",
      "nextW2Target": null,
      "qAchieved": 4,
      "qLag": null,
      "qPctCompleted": null,
      "qTarget": null,
      "qTargetFull": null,
      "unit": "count",
      "w2Achieved": 1,
      "w2Lag": null,
      "w2Target": null,
    },
    {
      "metric": "Total Unique Leads",
      "nextW2Target": 1179.957,
      "qAchieved": 7,
      "qLag": 3827.859,
      "qPctCompleted": 0.1,
      "qTarget": 3834.859,
      "qTargetFull": 7754,
      "unit": "count",
      "w2Achieved": 2,
      "w2Lag": 1177.957,
      "w2Target": 1179.957,
    },
    {
      "metric": "CPL",
      "nextW2Target": 1092.8862522568998,
      "qAchieved": null,
      "qLag": null,
      "qPctCompleted": null,
      "qTarget": 1092.8862522568998,
      "qTargetFull": 1092.8862522568998,
      "unit": "currency",
      "w2Achieved": null,
      "w2Lag": null,
      "w2Target": 1092.8862522568998,
    },
    {
      "metric": "Qualified Leads",
      "nextW2Target": 379.522,
      "qAchieved": 5,
      "qLag": 1228.446,
      "qPctCompleted": 0.2,
      "qTarget": 1233.446,
      "qTargetFull": 2494,
      "unit": "count",
      "w2Achieved": 2,
      "w2Lag": 377.522,
      "w2Target": 379.522,
    },
    {
      "metric": "LTQL %",
      "nextW2Target": 32.2,
      "qAchieved": 71.4,
      "qLag": -39.2,
      "qPctCompleted": 221.7,
      "qTarget": 32.2,
      "qTargetFull": 32.2,
      "unit": "%",
      "w2Achieved": 100,
      "w2Lag": -67.8,
      "w2Target": 32.2,
    },
    {
      "metric": "CPQL",
      "nextW2Target": 3397.85084202085,
      "qAchieved": null,
      "qLag": null,
      "qPctCompleted": null,
      "qTarget": 3397.85084202085,
      "qTargetFull": 3397.85084202085,
      "unit": "currency",
      "w2Achieved": null,
      "w2Lag": null,
      "w2Target": 3397.85084202085,
    },
    {
      "metric": "QL-V %",
      "nextW2Target": 22.6,
      "qAchieved": 40,
      "qLag": -17.4,
      "qPctCompleted": 177,
      "qTarget": 22.6,
      "qTargetFull": 22.6,
      "unit": "%",
      "w2Achieved": 0,
      "w2Lag": 22.6,
      "w2Target": 22.6,
    },
    {
      "metric": "Total Unique Visits",
      "nextW2Target": 109.991,
      "qAchieved": 3,
      "qLag": 354.472,
      "qPctCompleted": 0.4,
      "qTarget": 357.472,
      "qTargetFull": 722.8,
      "unit": "count",
      "w2Achieved": 0,
      "w2Lag": 109.991,
      "w2Target": 109.991,
    },
    {
      "metric": "Total Overall Visits",
      "nextW2Target": 131.99,
      "qAchieved": 4,
      "qLag": 424.966,
      "qPctCompleted": 0.5,
      "qTarget": 428.966,
      "qTargetFull": 867.36,
      "unit": "count",
      "w2Achieved": 0,
      "w2Lag": 131.99,
      "w2Target": 131.99,
    },
    {
      "metric": "Visit Duplication Rate",
      "nextW2Target": 83.3,
      "qAchieved": 75,
      "qLag": 8.3,
      "qPctCompleted": 90,
      "qTarget": 83.3,
      "qTargetFull": 83.3,
      "unit": "%",
      "w2Achieved": null,
      "w2Lag": null,
      "w2Target": 83.3,
    },
    {
      "metric": "Old Visits",
      "nextW2Target": 24.196,
      "qAchieved": 1,
      "qLag": 77.636,
      "qPctCompleted": 0.6,
      "qTarget": 78.636,
      "qTargetFull": 159,
      "unit": "count",
      "w2Achieved": 0,
      "w2Lag": 24.196,
      "w2Target": 24.196,
    },
    {
      "metric": "New Visits",
      "nextW2Target": 85.78,
      "qAchieved": 2,
      "qLag": 276.786,
      "qPctCompleted": 0.4,
      "qTarget": 278.786,
      "qTargetFull": 563.7,
      "unit": "count",
      "w2Achieved": 0,
      "w2Lag": 85.78,
      "w2Target": 85.78,
    },
    {
      "metric": "CPV",
      "nextW2Target": 15033.24463367039,
      "qAchieved": null,
      "qLag": null,
      "qPctCompleted": null,
      "qTarget": 15033.24463367039,
      "qTargetFull": 15033.24463367039,
      "unit": "currency",
      "w2Achieved": null,
      "w2Lag": null,
      "w2Target": 15033.24463367039,
    },
    {
      "metric": "Ever Warm %",
      "nextW2Target": 20,
      "qAchieved": 33.3,
      "qLag": -13.3,
      "qPctCompleted": 166.5,
      "qTarget": 20,
      "qTargetFull": 20,
      "unit": "%",
      "w2Achieved": null,
      "w2Lag": null,
      "w2Target": 20,
    },
    {
      "metric": "Total Conversions",
      "nextW2Target": 4.565,
      "qAchieved": 2,
      "qLag": 12.837,
      "qPctCompleted": 6.7,
      "qTarget": 14.837,
      "qTargetFull": 30,
      "unit": "count",
      "w2Achieved": 2,
      "w2Lag": 2.565,
      "w2Target": 4.565,
    },
    {
      "metric": "Old Conversions",
      "nextW2Target": 1.217,
      "qAchieved": 1,
      "qLag": 2.957,
      "qPctCompleted": 12.5,
      "qTarget": 3.957,
      "qTargetFull": 8,
      "unit": "count",
      "w2Achieved": 1,
      "w2Lag": 0.217,
      "w2Target": 1.217,
    },
    {
      "metric": "New Conversions",
      "nextW2Target": 3.348,
      "qAchieved": 1,
      "qLag": 9.88,
      "qPctCompleted": 4.5,
      "qTarget": 10.88,
      "qTargetFull": 22,
      "unit": "count",
      "w2Achieved": 1,
      "w2Lag": 2.348,
      "w2Target": 3.348,
    },
    {
      "metric": "CAC",
      "nextW2Target": 385192.7272727273,
      "qAchieved": null,
      "qLag": null,
      "qPctCompleted": null,
      "qTarget": 385192.7272727273,
      "qTargetFull": 385192.7272727273,
      "unit": "currency",
      "w2Achieved": null,
      "w2Lag": null,
      "w2Target": 385192.7272727273,
    },
    {
      "metric": "Direct % of Bids",
      "nextW2Target": null,
      "qAchieved": null,
      "qLag": null,
      "qPctCompleted": null,
      "qTarget": null,
      "qTargetFull": null,
      "unit": "%",
      "w2Achieved": null,
      "w2Lag": null,
      "w2Target": null,
    },
  ],
  "uniqueGrossVisitsBySource": [
    {
      "counts": {},
      "incomplete": false,
      "leadIds": {},
      "partialStart": true,
      "weekLabel": "29 Jun",
      "weekStart": "2026-06-29",
    },
    {
      "counts": {
        "Organic": 1,
        "Paid Ads": 2,
      },
      "incomplete": false,
      "leadIds": {
        "Organic": [
          "L3",
        ],
        "Paid Ads": [
          "L1",
          "OLD1",
        ],
      },
      "partialStart": false,
      "weekLabel": "6 Jul",
      "weekStart": "2026-07-06",
    },
    {
      "counts": {},
      "incomplete": false,
      "leadIds": {},
      "partialStart": false,
      "weekLabel": "13 Jul",
      "weekStart": "2026-07-13",
    },
    {
      "counts": {},
      "incomplete": false,
      "leadIds": {},
      "partialStart": false,
      "weekLabel": "20 Jul",
      "weekStart": "2026-07-20",
    },
    {
      "counts": {},
      "incomplete": false,
      "leadIds": {},
      "partialStart": false,
      "weekLabel": "27 Jul",
      "weekStart": "2026-07-27",
    },
    {
      "counts": {},
      "incomplete": false,
      "leadIds": {},
      "partialStart": false,
      "weekLabel": "3 Aug",
      "weekStart": "2026-08-03",
    },
    {
      "counts": {},
      "incomplete": true,
      "leadIds": {},
      "partialStart": false,
      "weekLabel": "10 Aug",
      "weekStart": "2026-08-10",
    },
  ],
  "uniqueVisitsBySource": [
    {
      "counts": {},
      "incomplete": false,
      "leadIds": {},
      "partialStart": true,
      "weekLabel": "29 Jun",
      "weekStart": "2026-06-29",
    },
    {
      "counts": {
        "Organic": 1,
        "Paid Ads": 2,
      },
      "incomplete": false,
      "leadIds": {
        "Organic": [
          "L3",
        ],
        "Paid Ads": [
          "L1",
          "OLD1",
        ],
      },
      "partialStart": false,
      "weekLabel": "6 Jul",
      "weekStart": "2026-07-06",
    },
    {
      "counts": {},
      "incomplete": false,
      "leadIds": {},
      "partialStart": false,
      "weekLabel": "13 Jul",
      "weekStart": "2026-07-13",
    },
    {
      "counts": {},
      "incomplete": false,
      "leadIds": {},
      "partialStart": false,
      "weekLabel": "20 Jul",
      "weekStart": "2026-07-20",
    },
    {
      "counts": {},
      "incomplete": false,
      "leadIds": {},
      "partialStart": false,
      "weekLabel": "27 Jul",
      "weekStart": "2026-07-27",
    },
    {
      "counts": {},
      "incomplete": false,
      "leadIds": {},
      "partialStart": false,
      "weekLabel": "3 Aug",
      "weekStart": "2026-08-03",
    },
    {
      "counts": {},
      "incomplete": true,
      "leadIds": {},
      "partialStart": false,
      "weekLabel": "10 Aug",
      "weekStart": "2026-08-10",
    },
  ],
  "visitPipeline": [
    {
      "counts": {
        "Site visit Scheduled": 1,
      },
      "leadIds": {
        "Site visit Scheduled": [
          "P1",
        ],
      },
      "micromarket": "Vegas",
    },
    {
      "counts": {
        "Visit to be scheduled": 1,
      },
      "leadIds": {
        "Visit to be scheduled": [
          "P2",
        ],
      },
      "micromarket": "Glasgow",
    },
  ],
  "visitedByEverWarm": [
    {
      "everWarmNo": 8,
      "everWarmYes": 4,
      "house": "101 - A of Powai Tower",
      "uniqueVisits": 12,
    },
    {
      "everWarmNo": 6,
      "everWarmYes": 1,
      "house": "202 - B of Glasgow Heights",
      "uniqueVisits": 7,
    },
    {
      "everWarmNo": 3,
      "everWarmYes": 0,
      "house": "303 - Bangalore Test",
      "uniqueVisits": 3,
    },
  ],
  "visitsByBidSource": [
    {
      "counts": {},
      "incomplete": false,
      "leadIds": {},
      "partialStart": true,
      "weekLabel": "29 Jun",
      "weekStart": "2026-06-29",
    },
    {
      "counts": {
        "Channel Partner": 1,
        "Direct": 2,
      },
      "incomplete": false,
      "leadIds": {},
      "partialStart": false,
      "weekLabel": "6 Jul",
      "weekStart": "2026-07-06",
    },
    {
      "counts": {},
      "incomplete": false,
      "leadIds": {},
      "partialStart": false,
      "weekLabel": "13 Jul",
      "weekStart": "2026-07-13",
    },
    {
      "counts": {},
      "incomplete": false,
      "leadIds": {},
      "partialStart": false,
      "weekLabel": "20 Jul",
      "weekStart": "2026-07-20",
    },
    {
      "counts": {},
      "incomplete": false,
      "leadIds": {},
      "partialStart": false,
      "weekLabel": "27 Jul",
      "weekStart": "2026-07-27",
    },
    {
      "counts": {
        "Channel Partner": 1,
      },
      "incomplete": false,
      "leadIds": {},
      "partialStart": false,
      "weekLabel": "3 Aug",
      "weekStart": "2026-08-03",
    },
    {
      "counts": {},
      "incomplete": true,
      "leadIds": {},
      "partialStart": false,
      "weekLabel": "10 Aug",
      "weekStart": "2026-08-10",
    },
  ],
  "windowWeeks": 7,
}
`;
